Archive member included to satisfy reference by file (symbol)

C:/ST/STM32CubeIDE_1.18.0/STM32CubeIDE/plugins/com.st.stm32cube.ide.mcu.externaltools.gnu-tools-for-stm32.13.3.rel1.win32_1.0.0.202411081344/tools/bin/../lib/gcc/arm-none-eabi/13.3.1/../../../../arm-none-eabi/lib/thumb/v7e-m+fp/hard\libc_nano.a(libc_a-exit.o)
                              C:/ST/STM32CubeIDE_1.18.0/STM32CubeIDE/plugins/com.st.stm32cube.ide.mcu.externaltools.gnu-tools-for-stm32.13.3.rel1.win32_1.0.0.202411081344/tools/bin/../lib/gcc/arm-none-eabi/13.3.1/../../../../arm-none-eabi/lib/thumb/v7e-m+fp/hard/crt0.o (exit)
C:/ST/STM32CubeIDE_1.18.0/STM32CubeIDE/plugins/com.st.stm32cube.ide.mcu.externaltools.gnu-tools-for-stm32.13.3.rel1.win32_1.0.0.202411081344/tools/bin/../lib/gcc/arm-none-eabi/13.3.1/../../../../arm-none-eabi/lib/thumb/v7e-m+fp/hard\libc_nano.a(libc_a-findfp.o)
                              C:/ST/STM32CubeIDE_1.18.0/STM32CubeIDE/plugins/com.st.stm32cube.ide.mcu.externaltools.gnu-tools-for-stm32.13.3.rel1.win32_1.0.0.202411081344/tools/bin/../lib/gcc/arm-none-eabi/13.3.1/../../../../arm-none-eabi/lib/thumb/v7e-m+fp/hard\libc_nano.a(libc_a-exit.o) (__stdio_exit_handler)
C:/ST/STM32CubeIDE_1.18.0/STM32CubeIDE/plugins/com.st.stm32cube.ide.mcu.externaltools.gnu-tools-for-stm32.13.3.rel1.win32_1.0.0.202411081344/tools/bin/../lib/gcc/arm-none-eabi/13.3.1/../../../../arm-none-eabi/lib/thumb/v7e-m+fp/hard\libc_nano.a(libc_a-fwalk.o)
                              C:/ST/STM32CubeIDE_1.18.0/STM32CubeIDE/plugins/com.st.stm32cube.ide.mcu.externaltools.gnu-tools-for-stm32.13.3.rel1.win32_1.0.0.202411081344/tools/bin/../lib/gcc/arm-none-eabi/13.3.1/../../../../arm-none-eabi/lib/thumb/v7e-m+fp/hard\libc_nano.a(libc_a-findfp.o) (_fwalk_sglue)
C:/ST/STM32CubeIDE_1.18.0/STM32CubeIDE/plugins/com.st.stm32cube.ide.mcu.externaltools.gnu-tools-for-stm32.13.3.rel1.win32_1.0.0.202411081344/tools/bin/../lib/gcc/arm-none-eabi/13.3.1/../../../../arm-none-eabi/lib/thumb/v7e-m+fp/hard\libc_nano.a(libc_a-stdio.o)
                              C:/ST/STM32CubeIDE_1.18.0/STM32CubeIDE/plugins/com.st.stm32cube.ide.mcu.externaltools.gnu-tools-for-stm32.13.3.rel1.win32_1.0.0.202411081344/tools/bin/../lib/gcc/arm-none-eabi/13.3.1/../../../../arm-none-eabi/lib/thumb/v7e-m+fp/hard\libc_nano.a(libc_a-findfp.o) (__sread)
C:/ST/STM32CubeIDE_1.18.0/STM32CubeIDE/plugins/com.st.stm32cube.ide.mcu.externaltools.gnu-tools-for-stm32.13.3.rel1.win32_1.0.0.202411081344/tools/bin/../lib/gcc/arm-none-eabi/13.3.1/../../../../arm-none-eabi/lib/thumb/v7e-m+fp/hard\libc_nano.a(libc_a-memset.o)
                              C:/ST/STM32CubeIDE_1.18.0/STM32CubeIDE/plugins/com.st.stm32cube.ide.mcu.externaltools.gnu-tools-for-stm32.13.3.rel1.win32_1.0.0.202411081344/tools/bin/../lib/gcc/arm-none-eabi/13.3.1/../../../../arm-none-eabi/lib/thumb/v7e-m+fp/hard/crt0.o (memset)
C:/ST/STM32CubeIDE_1.18.0/STM32CubeIDE/plugins/com.st.stm32cube.ide.mcu.externaltools.gnu-tools-for-stm32.13.3.rel1.win32_1.0.0.202411081344/tools/bin/../lib/gcc/arm-none-eabi/13.3.1/../../../../arm-none-eabi/lib/thumb/v7e-m+fp/hard\libc_nano.a(libc_a-closer.o)
                              C:/ST/STM32CubeIDE_1.18.0/STM32CubeIDE/plugins/com.st.stm32cube.ide.mcu.externaltools.gnu-tools-for-stm32.13.3.rel1.win32_1.0.0.202411081344/tools/bin/../lib/gcc/arm-none-eabi/13.3.1/../../../../arm-none-eabi/lib/thumb/v7e-m+fp/hard\libc_nano.a(libc_a-stdio.o) (_close_r)
C:/ST/STM32CubeIDE_1.18.0/STM32CubeIDE/plugins/com.st.stm32cube.ide.mcu.externaltools.gnu-tools-for-stm32.13.3.rel1.win32_1.0.0.202411081344/tools/bin/../lib/gcc/arm-none-eabi/13.3.1/../../../../arm-none-eabi/lib/thumb/v7e-m+fp/hard\libc_nano.a(libc_a-reent.o)
                              C:/ST/STM32CubeIDE_1.18.0/STM32CubeIDE/plugins/com.st.stm32cube.ide.mcu.externaltools.gnu-tools-for-stm32.13.3.rel1.win32_1.0.0.202411081344/tools/bin/../lib/gcc/arm-none-eabi/13.3.1/../../../../arm-none-eabi/lib/thumb/v7e-m+fp/hard\libc_nano.a(libc_a-closer.o) (errno)
C:/ST/STM32CubeIDE_1.18.0/STM32CubeIDE/plugins/com.st.stm32cube.ide.mcu.externaltools.gnu-tools-for-stm32.13.3.rel1.win32_1.0.0.202411081344/tools/bin/../lib/gcc/arm-none-eabi/13.3.1/../../../../arm-none-eabi/lib/thumb/v7e-m+fp/hard\libc_nano.a(libc_a-impure.o)
                              C:/ST/STM32CubeIDE_1.18.0/STM32CubeIDE/plugins/com.st.stm32cube.ide.mcu.externaltools.gnu-tools-for-stm32.13.3.rel1.win32_1.0.0.202411081344/tools/bin/../lib/gcc/arm-none-eabi/13.3.1/../../../../arm-none-eabi/lib/thumb/v7e-m+fp/hard\libc_nano.a(libc_a-reent.o) (_impure_ptr)
C:/ST/STM32CubeIDE_1.18.0/STM32CubeIDE/plugins/com.st.stm32cube.ide.mcu.externaltools.gnu-tools-for-stm32.13.3.rel1.win32_1.0.0.202411081344/tools/bin/../lib/gcc/arm-none-eabi/13.3.1/../../../../arm-none-eabi/lib/thumb/v7e-m+fp/hard\libc_nano.a(libc_a-lseekr.o)
[...]
Memory Configuration

Name             Origin             Length             Attributes
RAM              0x20000000         0x00008000         xrw
FLASH            0x08000000         0x00020000         xr
*default*        0x00000000         0xffffffff

Linker script and memory map

LOAD C:/ST/STM32CubeIDE_1.18.0/STM32CubeIDE/plugins/com.st.stm32cube.ide.mcu.externaltools.gnu-tools-for-stm32.13.3.rel1.win32_1.0.0.202411081344/tools/bin/../lib/gcc/arm-none-eabi/13.3.1/thumb/v7e-m+fp/hard/crti.o
LOAD C:/ST/STM32CubeIDE_1.18.0/STM32CubeIDE/plugins/com.st.stm32cube.ide.mcu.externaltools.gnu-tools-for-stm32.13.3.rel1.win32_1.0.0.202411081344/tools/bin/../lib/gcc/arm-none-eabi/13.3.1/thumb/v7e-m+fp/hard/crtbegin.o
LOAD C:/ST/STM32CubeIDE_1.18.0/STM32CubeIDE/plugins/com.st.stm32cube.ide.mcu.externaltools.gnu-tools-for-stm32.13.3.rel1.win32_1.0.0.202411081344/tools/bin/../lib/gcc/arm-none-eabi/13.3.1/../../../../arm-none-eabi/lib/thumb/v7e-m+fp/hard/crt0.o
LOAD ./Core/Src/gpio.o
LOAD ./Core/Src/main.o
LOAD ./Core/Src/spi.o
LOAD ./Core/Src/stm32g4xx_hal_msp.o
LOAD ./Core/Src/stm32g4xx_it.o
LOAD ./Core/Src/syscalls.o
LOAD ./Core/Src/sysmem.o
LOAD ./Core/Src/system_stm32g4xx.o
LOAD ./Core/Src/usr/game_01_breakout.o
LOAD ./Core/Src/usr/lib_GameStruct.o
LOAD ./Core/Src/usr/lib_J3_ST7789VW.o
LOAD ./Core/Src/usr/main_nelsitoboy.o
LOAD ./Core/Startup/startup_stm32g431c8ux.o
LOAD ./Drivers/STM32G4xx_HAL_Driver/Src/stm32g4xx_hal.o
LOAD ./Drivers/STM32G4xx_HAL_Driver/Src/stm32g4xx_hal_cortex.o
LOAD ./Drivers/STM32G4xx_HAL_Driver/Src/stm32g4xx_hal_dma.o
LOAD ./Drivers/STM32G4xx_HAL_Driver/Src/stm32g4xx_hal_dma_ex.o
LOAD ./Drivers/STM32G4xx_HAL_Driver/Src/stm32g4xx_hal_exti.o
LOAD ./Drivers/STM32G4xx_HAL_Driver/Src/stm32g4xx_hal_flash.o
LOAD ./Drivers/STM32G4xx_HAL_Driver/Src/stm32g4xx_hal_flash_ex.o
LOAD ./Drivers/STM32G4xx_HAL_Driver/Src/stm32g4xx_hal_flash_ramfunc.o
LOAD ./Drivers/STM32G4xx_HAL_Driver/Src/stm32g4xx_hal_gpio.o
LOAD ./Drivers/STM32G4xx_HAL_Driver/Src/stm32g4xx_hal_pwr.o
LOAD ./Drivers/STM32G4xx_HAL_Driver/Src/stm32g4xx_hal_pwr_ex.o
LOAD ./Drivers/STM32G4xx_HAL_Driver/Src/stm32g4xx_hal_rcc.o
LOAD ./Drivers/STM32G4xx_HAL_Driver/Src/stm32g4xx_hal_rcc_ex.o
LOAD ./Drivers/STM32G4xx_HAL_Driver/Src/stm32g4xx_hal_spi.o
LOAD ./Drivers/STM32G4xx_HAL_Driver/Src/stm32g4xx_hal_spi_ex.o
START GROUP
LOAD C:/ST/STM32CubeIDE_1.18.0/STM32CubeIDE/plugins/com.st.stm32cube.ide.mcu.externaltools.gnu-tools-for-stm32.13.3.rel1.win32_1.0.0.202411081344/tools/bin/../lib/gcc/arm-none-eabi/13.3.1/../../../../arm-none-eabi/lib/thumb/v7e-m+fp/hard\libc_nano.a
LOAD C:/ST/STM32CubeIDE_1.18.0/STM32CubeIDE/plugins/com.st.stm32cube.ide.mcu.externaltools.gnu-tools-for-stm32.13.3.rel1.win32_1.0.0.202411081344/tools/bin/../lib/gcc/arm-none-eabi/13.3.1/../../../../arm-none-eabi/lib/thumb/v7e-m+fp/hard\libm.a
END GROUP
START GROUP
LOAD C:/ST/STM32CubeIDE_1.18.0/STM32CubeIDE/plugins/com.st.stm32cube.ide.mcu.externaltools.gnu-tools-for-stm32.13.3.rel1.win32_1.0.0.202411081344/tools/bin/../lib/gcc/arm-none-eabi/13.3.1/thumb/v7e-m+fp/hard\libgcc.a
LOAD C:/ST/STM32CubeIDE_1.18.0/STM32CubeIDE/plugins/com.st.stm32cube.ide.mcu.externaltools.gnu-tools-for-stm32.13.3.rel1.win32_1.0.0.202411081344/tools/bin/../lib/gcc/arm-none-eabi/13.3.1/../../../../arm-none-eabi/lib/thumb/v7e-m+fp/hard\libc_nano.a
END GROUP
START GROUP
LOAD C:/ST/STM32CubeIDE_1.18.0/STM32CubeIDE/plugins/com.st.stm32cube.ide.mcu.externaltools.gnu-tools-for-stm32.13.3.rel1.win32_1.0.0.202411081344/tools/bin/../lib/gcc/arm-none-eabi/13.3.1/thumb/v7e-m+fp/hard\libgcc.a
LOAD C:/ST/STM32CubeIDE_1.18.0/STM32CubeIDE/plugins/com.st.stm32cube.ide.mcu.externaltools.gnu-tools-for-stm32.13.3.rel1.win32_1.0.0.202411081344/tools/bin/../lib/gcc/arm-none-eabi/13.3.1/../../../../arm-none-eabi/lib/thumb/v7e-m+fp/hard\libc_nano.a
LOAD C:/ST/STM32CubeIDE_1.18.0/STM32CubeIDE/plugins/com.st.stm32cube.ide.mcu.externaltools.gnu-tools-for-stm32.13.3.rel1.win32_1.0.0.202411081344/tools/bin/../lib/gcc/arm-none-eabi/13.3.1/../../../../arm-none-eabi/lib/thumb/v7e-m+fp/hard\libnosys.a
END GROUP
START GROUP
LOAD C:/ST/STM32CubeIDE_1.18.0/STM32CubeIDE/plugins/com.st.stm32cube.ide.mcu.externaltools.gnu-tools-for-stm32.13.3.rel1.win32_1.0.0.202411081344/tools/bin/../lib/gcc/arm-none-eabi/13.3.1/thumb/v7e-m+fp/hard\libgcc.a
LOAD C:/ST/STM32CubeIDE_1.18.0/STM32CubeIDE/plugins/com.st.stm32cube.ide.mcu.externaltools.gnu-tools-for-stm32.13.3.rel1.win32_1.0.0.202411081344/tools/bin/../lib/gcc/arm-none-eabi/13.3.1/../../../../arm-none-eabi/lib/thumb/v7e-m+fp/hard\libc_nano.a
LOAD C:/ST/STM32CubeIDE_1.18.0/STM32CubeIDE/plugins/com.st.stm32cube.ide.mcu.externaltools.gnu-tools-for-stm32.13.3.rel1.win32_1.0.0.202411081344/tools/bin/../lib/gcc/arm-none-eabi/13.3.1/../../../../arm-none-eabi/lib/thumb/v7e-m+fp/hard\libnosys.a
END GROUP
LOAD C:/ST/STM32CubeIDE_1.18.0/STM32CubeIDE/plugins/com.st.stm32cube.ide.mcu.externaltools.gnu-tools-for-stm32.13.3.rel1.win32_1.0.0.202411081344/tools/bin/../lib/gcc/arm-none-eabi/13.3.1/thumb/v7e-m+fp/hard/crtend.o
LOAD C:/ST/STM32CubeIDE_1.18.0/STM32CubeIDE/plugins/com.st.stm32cube.ide.mcu.externaltools.gnu-tools-for-stm32.13.3.rel1.win32_1.0.0.202411081344/tools/bin/../lib/gcc/arm-none-eabi/13.3.1/thumb/v7e-m+fp/hard/crtn.o
                0x20008000                        _estack = (ORIGIN (RAM) + LENGTH (RAM))
                0x00000200                        _Min_Heap_Size = 0x200
                0x00000400                        _Min_Stack_Size = 0x400

.isr_vector     0x08000000      0x1d8
                0x08000000                        . = ALIGN (0x4)
 *(.isr_vector)
 .isr_vector    0x08000000      0x1d8 ./Core/Startup/startup_stm32g431c8ux.o
                0x08000000                g_pfnVectors
                0x080001d8                        . = ALIGN (0x4)

.text           0x080001d8     0x2290
                0x080001d8                        . = ALIGN (0x4)
 *(.text)
 .text          0x080001d8       0x40 C:/ST/STM32CubeIDE_1.18.0/STM32CubeIDE/plugins/com.st.stm32cube.ide.mcu.externaltools.gnu-tools-for-stm32.13.3.rel1.win32_1.0.0.202411081344/tools/bin/../lib/gcc/arm-none-eabi/13.3.1/thumb/v7e-m+fp/hard/crtbegin.o
 *(.text*)
 .text.MX_GPIO_Init
                0x08000218       0x94 ./Core/Src/gpio.o
                0x08000218                MX_GPIO_Init
 .text.main     0x080002ac       0x1c ./Core/Src/main.o
                0x080002ac                main
 .text.SystemClock_Config
                0x080002c8       0x96 ./Core/Src/main.o
                0x080002c8                SystemClock_Config
 .text.Error_Handler
                0x0800035e        0xc ./Core/Src/main.o
                0x0800035e                Error_Handler
 *fill*         0x0800036a        0x2 
 .text.MX_SPI1_Init
                0x0800036c       0x7c ./Core/Src/spi.o
                0x0800036c                MX_SPI1_Init
 .text.HAL_SPI_MspInit
                0x080003e8       0x84 ./Core/Src/spi.o
                0x080003e8                HAL_SPI_MspInit
 .text.HAL_MspInit
                0x0800046c       0x48 ./Core/Src/stm32g4xx_hal_msp.o
                0x0800046c                HAL_MspInit
 .text.NMI_Handler
                0x080004b4        0x8 ./Core/Src/stm32g4xx_it.o
                0x080004b4                NMI_Handler
 .text.HardFault_Handler
                0x080004bc        0x8 ./Core/Src/stm32g4xx_it.o
                0x080004bc                HardFault_Handler
 .text.MemManage_Handler
                0x080004c4        0x8 ./Core/Src/stm32g4xx_it.o
                0x080004c4                MemManage_Handler
 .text.BusFault_Handler
                0x080004cc        0x8 ./Core/Src/stm32g4xx_it.o
                0x080004cc                BusFault_Handler
 .text.UsageFault_Handler
                0x080004d4        0x8 ./Core/Src/stm32g4xx_it.o
                0x080004d4                UsageFault_Handler
 .text.SVC_Handler
                0x080004dc        0xe ./Core/Src/stm32g4xx_it.o
                0x080004dc                SVC_Handler
 .text.DebugMon_Handler
                0x080004ea        0xe ./Core/Src/stm32g4xx_it.o
                0x080004ea                DebugMon_Handler
 .text.PendSV_Handler
                0x080004f8        0xe ./Core/Src/stm32g4xx_it.o
                0x080004f8                PendSV_Handler
 .text.SysTick_Handler
                0x08000506        0xc ./Core/Src/stm32g4xx_it.o
                0x08000506                SysTick_Handler
 *fill*         0x08000512        0x2 
 .text.SystemInit
                0x08000514       0x24 ./Core/Src/system_stm32g4xx.o
                0x08000514                SystemInit
 .text.main_game
                0x08000538       0xe8 ./Core/Src/usr/game_01_breakout.o
                0x08000538                main_game
 .text.J3GameEngine_GetCorPaleta
                0x08000620       0x24 ./Core/Src/usr/lib_GameStruct.o
                0x08000620                J3GameEngine_GetCorPaleta
 .text.J3GameEngine_DesenhaTile
                0x08000644       0x94 ./Core/Src/usr/lib_GameStruct.o
                0x08000644                J3GameEngine_DesenhaTile
 .text.ST7789VW_SendCommand
                0x080006d8       0x4c ./Core/Src/usr/lib_J3_ST7789VW.o
 .text.ST7789VW_SendData
                0x08000724       0x4c ./Core/Src/usr/lib_J3_ST7789VW.o
 .text.J3_ST7789VW_SetWindows
                0x08000770       0xba ./Core/Src/usr/lib_J3_ST7789VW.o
 *fill*         0x0800082a        0x2 
 .text.ST7789VW_Init
                0x0800082c       0x8c ./Core/Src/usr/lib_J3_ST7789VW.o
                0x0800082c                ST7789VW_Init
 .text.ST7789VW_DrawPixel
                0x080008b8       0xa0 ./Core/Src/usr/lib_J3_ST7789VW.o
                0x080008b8                ST7789VW_DrawPixel
 .text.ST7789VW_FillScreen2
                0x08000958       0xbc ./Core/Src/usr/lib_J3_ST7789VW.o
                0x08000958                ST7789VW_FillScreen2
 .text.ST7789VW_FillWindow
                0x08000a14       0x7e ./Core/Src/usr/lib_J3_ST7789VW.o
                0x08000a14                ST7789VW_FillWindow
 *fill*         0x08000a92        0x2 
 .text.ST7789VW_SetRotation
                0x08000a94       0x60 ./Core/Src/usr/lib_J3_ST7789VW.o
                0x08000a94                ST7789VW_SetRotation
 .text.main_nelsitoboy
                0x08000af4       0x30 ./Core/Src/usr/main_nelsitoboy.o
                0x08000af4                main_nelsitoboy
 .text.Reset_Handler
                0x08000b24       0x50 ./Core/Startup/startup_stm32g431c8ux.o
                0x08000b24                Reset_Handler
 .text.Default_Handler
                0x08000b74        0x2 ./Core/Startup/startup_stm32g431c8ux.o
                0x08000b74                RTC_Alarm_IRQHandler
                0x08000b74                EXTI2_IRQHandler
                0x08000b74                TIM8_TRG_COM_IRQHandler
                0x08000b74                TIM8_CC_IRQHandler
                0x08000b74                TIM1_CC_IRQHandler
                0x08000b74                USB_HP_IRQHandler
                0x08000b74                CORDIC_IRQHandler
                0x08000b74                EXTI3_IRQHandler
                0x08000b74                I2C3_ER_IRQHandler
                0x08000b74                EXTI0_IRQHandler
                0x08000b74                I2C2_EV_IRQHandler
                0x08000b74                FPU_IRQHandler
                0x08000b74                FDCAN1_IT1_IRQHandler
                0x08000b74                TIM1_UP_TIM16_IRQHandler
                0x08000b74                ADC1_2_IRQHandler
                0x08000b74                SPI1_IRQHandler
                0x08000b74                TIM6_DAC_IRQHandler
                0x08000b74                TIM8_UP_IRQHandler
                0x08000b74                DMA2_Channel2_IRQHandler
                0x08000b74                DMA1_Channel4_IRQHandler
                0x08000b74                USART3_IRQHandler
                0x08000b74                TIM4_IRQHandler
                0x08000b74                DMA2_Channel1_IRQHandler
                0x08000b74                I2C1_EV_IRQHandler
                0x08000b74                DMA1_Channel6_IRQHandler
                0x08000b74                UART4_IRQHandler
                0x08000b74                DMA2_Channel4_IRQHandler
                0x08000b74                TIM3_IRQHandler
                0x08000b74                RCC_IRQHandler
                0x08000b74                DMA1_Channel1_IRQHandler
                0x08000b74                Default_Handler
                0x08000b74                RTC_TAMP_LSECSS_IRQHandler
                0x08000b74                FMAC_IRQHandler
                0x08000b74                EXTI15_10_IRQHandler
                0x08000b74                TIM7_IRQHandler
                0x08000b74                UCPD1_IRQHandler
                0x08000b74                I2C3_EV_IRQHandler
                0x08000b74                EXTI9_5_IRQHandler
                0x08000b74                RTC_WKUP_IRQHandler
                0x08000b74                PVD_PVM_IRQHandler
                0x08000b74                SPI2_IRQHandler
                0x08000b74                DMA2_Channel5_IRQHandler
                0x08000b74                CRS_IRQHandler
                0x08000b74                DMA1_Channel5_IRQHandler
                0x08000b74                USB_LP_IRQHandler
                0x08000b74                EXTI4_IRQHandler
                0x08000b74                RNG_IRQHandler
                0x08000b74                TIM1_TRG_COM_TIM17_IRQHandler
                0x08000b74                DMA1_Channel3_IRQHandler
                0x08000b74                WWDG_IRQHandler
                0x08000b74                LPUART1_IRQHandler
                0x08000b74                DMA2_Channel6_IRQHandler
                0x08000b74                FDCAN1_IT0_IRQHandler
                0x08000b74                TIM2_IRQHandler
                0x08000b74                COMP1_2_3_IRQHandler
                0x08000b74                EXTI1_IRQHandler
                0x08000b74                USART2_IRQHandler
                0x08000b74                I2C2_ER_IRQHandler
                0x08000b74                DMA1_Channel2_IRQHandler
                0x08000b74                TIM8_BRK_IRQHandler
                0x08000b74                FLASH_IRQHandler
                0x08000b74                USART1_IRQHandler
                0x08000b74                SPI3_IRQHandler
                0x08000b74                I2C1_ER_IRQHandler
                0x08000b74                LPTIM1_IRQHandler
                0x08000b74                DMAMUX_OVR_IRQHandler
                0x08000b74                USBWakeUp_IRQHandler
                0x08000b74                SAI1_IRQHandler
                0x08000b74                DMA2_Channel3_IRQHandler
                0x08000b74                COMP4_IRQHandler
                0x08000b74                TIM1_BRK_TIM15_IRQHandler
 .text.HAL_Init
                0x08000b76       0x30 ./Drivers/STM32G4xx_HAL_Driver/Src/stm32g4xx_hal.o
                0x08000b76                HAL_Init
 *fill*         0x08000ba6        0x2 
 .text.HAL_InitTick
                0x08000ba8       0x74 ./Drivers/STM32G4xx_HAL_Driver/Src/stm32g4xx_hal.o
                0x08000ba8                HAL_InitTick
 .text.HAL_IncTick
                0x08000c1c       0x24 ./Drivers/STM32G4xx_HAL_Driver/Src/stm32g4xx_hal.o
                0x08000c1c                HAL_IncTick
 .text.HAL_GetTick
                0x08000c40       0x18 ./Drivers/STM32G4xx_HAL_Driver/Src/stm32g4xx_hal.o
                0x08000c40                HAL_GetTick
 .text.HAL_Delay
                0x08000c58       0x44 ./Drivers/STM32G4xx_HAL_Driver/Src/stm32g4xx_hal.o
                0x08000c58                HAL_Delay
 .text.__NVIC_SetPriorityGrouping
                0x08000c9c       0x48 ./Drivers/STM32G4xx_HAL_Driver/Src/stm32g4xx_hal_cortex.o
 .text.__NVIC_GetPriorityGrouping
                0x08000ce4       0x1c ./Drivers/STM32G4xx_HAL_Driver/Src/stm32g4xx_hal_cortex.o
 .text.__NVIC_SetPriority
                0x08000d00       0x54 ./Drivers/STM32G4xx_HAL_Driver/Src/stm32g4xx_hal_cortex.o
 .text.NVIC_EncodePriority
                0x08000d54       0x66 ./Drivers/STM32G4xx_HAL_Driver/Src/stm32g4xx_hal_cortex.o
 *fill*         0x08000dba        0x2 
 .text.SysTick_Config
                0x08000dbc       0x44 ./Drivers/STM32G4xx_HAL_Driver/Src/stm32g4xx_hal_cortex.o
 .text.HAL_NVIC_SetPriorityGrouping
                0x08000e00       0x16 ./Drivers/STM32G4xx_HAL_Driver/Src/stm32g4xx_hal_cortex.o
                0x08000e00                HAL_NVIC_SetPriorityGrouping
 .text.HAL_NVIC_SetPriority
                0x08000e16       0x34 ./Drivers/STM32G4xx_HAL_Driver/Src/stm32g4xx_hal_cortex.o
                0x08000e16                HAL_NVIC_SetPriority
 .text.HAL_SYSTICK_Config
                0x08000e4a       0x18 ./Drivers/STM32G4xx_HAL_Driver/Src/stm32g4xx_hal_cortex.o
                0x08000e4a                HAL_SYSTICK_Config
 *fill*         0x08000e62        0x2 
 .text.HAL_GPIO_Init
                0x08000e64      0x304 ./Drivers/STM32G4xx_HAL_Driver/Src/stm32g4xx_hal_gpio.o
                0x08000e64                HAL_GPIO_Init
 .text.HAL_GPIO_WritePin
                0x08001168       0x30 ./Drivers/STM32G4xx_HAL_Driver/Src/stm32g4xx_hal_gpio.o
                0x08001168                HAL_GPIO_WritePin
 .text.HAL_PWREx_ControlVoltageScaling
                0x08001198      0x148 ./Drivers/STM32G4xx_HAL_Driver/Src/stm32g4xx_hal_pwr_ex.o
                0x08001198                HAL_PWREx_ControlVoltageScaling
 .text.HAL_PWREx_DisableUCPDDeadBattery
                0x080012e0       0x20 ./Drivers/STM32G4xx_HAL_Driver/Src/stm32g4xx_hal_pwr_ex.o
                0x080012e0                HAL_PWREx_DisableUCPDDeadBattery
 .text.HAL_RCC_OscConfig
                0x08001300      0x624 ./Drivers/STM32G4xx_HAL_Driver/Src/stm32g4xx_hal_rcc.o
                0x08001300                HAL_RCC_OscConfig
 .text.HAL_RCC_ClockConfig
                0x08001924      0x278 ./Drivers/STM32G4xx_HAL_Driver/Src/stm32g4xx_hal_rcc.o
                0x08001924                HAL_RCC_ClockConfig
 .text.HAL_RCC_GetSysClockFreq
                0x08001b9c       0xc4 ./Drivers/STM32G4xx_HAL_Driver/Src/stm32g4xx_hal_rcc.o
                0x08001b9c                HAL_RCC_GetSysClockFreq
 .text.RCC_GetSysClockFreqFromPLLSource
                0x08001c60       0x8c ./Drivers/STM32G4xx_HAL_Driver/Src/stm32g4xx_hal_rcc.o
 .text.HAL_SPI_Init
                0x08001cec      0x156 ./Drivers/STM32G4xx_HAL_Driver/Src/stm32g4xx_hal_spi.o
                0x08001cec                HAL_SPI_Init
 .text.HAL_SPI_Transmit
                0x08001e42      0x2ec ./Drivers/STM32G4xx_HAL_Driver/Src/stm32g4xx_hal_spi.o
                0x08001e42                HAL_SPI_Transmit
 *fill*         0x0800212e        0x2 
 .text.SPI_WaitFlagStateUntilTimeout
                0x08002130      0x110 ./Drivers/STM32G4xx_HAL_Driver/Src/stm32g4xx_hal_spi.o
 .text.SPI_WaitFifoStateUntilTimeout
                0x08002240      0x12c ./Drivers/STM32G4xx_HAL_Driver/Src/stm32g4xx_hal_spi.o
 .text.SPI_EndRxTxTransaction
                0x0800236c       0x8c ./Drivers/STM32G4xx_HAL_Driver/Src/stm32g4xx_hal_spi.o
 .text.memset   0x080023f8       0x10 C:/ST/STM32CubeIDE_1.18.0/STM32CubeIDE/plugins/com.st.stm32cube.ide.mcu.externaltools.gnu-tools-for-stm32.13.3.rel1.win32_1.0.0.202411081344/tools/bin/../lib/gcc/arm-none-eabi/13.3.1/../../../../arm-none-eabi/lib/thumb/v7e-m+fp/hard\libc_nano.a(libc_a-memset.o)
                0x080023f8                memset
 .text.__libc_init_array
                0x08002408       0x48 C:/ST/STM32CubeIDE_1.18.0/STM32CubeIDE/plugins/com.st.stm32cube.ide.mcu.externaltools.gnu-tools-for-stm32.13.3.rel1.win32_1.0.0.202411081344/tools/bin/../lib/gcc/arm-none-eabi/13.3.1/../../../../arm-none-eabi/lib/thumb/v7e-m+fp/hard\libc_nano.a(libc_a-init.o)
                0x08002408                __libc_init_array
 *(.glue_7)
 .glue_7        0x08002450        0x0 linker stubs
 *(.glue_7t)
 .glue_7t       0x08002450        0x0 linker stubs
 *(.eh_frame)
 .eh_frame      0x08002450        0x0 C:/ST/STM32CubeIDE_1.18.0/STM32CubeIDE/plugins/com.st.stm32cube.ide.mcu.externaltools.gnu-tools-for-stm32.13.3.rel1.win32_1.0.0.202411081344/tools/bin/../lib/gcc/arm-none-eabi/13.3.1/thumb/v7e-m+fp/hard/crtbegin.o
 *(.init)
 .init          0x08002450        0x4 C:/ST/STM32CubeIDE_1.18.0/STM32CubeIDE/plugins/com.st.stm32cube.ide.mcu.externaltools.gnu-tools-for-stm32.13.3.rel1.win32_1.0.0.202411081344/tools/bin/../lib/gcc/arm-none-eabi/13.3.1/thumb/v7e-m+fp/hard/crti.o
                0x08002450                _init
 .init          0x08002454        0x8 C:/ST/STM32CubeIDE_1.18.0/STM32CubeIDE/plugins/com.st.stm32cube.ide.mcu.externaltools.gnu-tools-for-stm32.13.3.rel1.win32_1.0.0.202411081344/tools/bin/../lib/gcc/arm-none-eabi/13.3.1/thumb/v7e-m+fp/hard/crtn.o
 *(.fini)
 .fini          0x0800245c        0x4 C:/ST/STM32CubeIDE_1.18.0/STM32CubeIDE/plugins/com.st.stm32cube.ide.mcu.externaltools.gnu-tools-for-stm32.13.3.rel1.win32_1.0.0.202411081344/tools/bin/../lib/gcc/arm-none-eabi/13.3.1/thumb/v7e-m+fp/hard/crti.o
                0x0800245c                _fini
 .fini          0x08002460        0x8 C:/ST/STM32CubeIDE_1.18.0/STM32CubeIDE/plugins/com.st.stm32cube.ide.mcu.externaltools.gnu-tools-for-stm32.13.3.rel1.win32_1.0.0.202411081344/tools/bin/../lib/gcc/arm-none-eabi/13.3.1/thumb/v7e-m+fp/hard/crtn.o
                0x08002468                        . = ALIGN (0x4)
                0x08002468                        _etext = .

.vfp11_veneer   0x08002468        0x0
 .vfp11_veneer  0x08002468        0x0 linker stubs

.v4_bx          0x08002468        0x0
 .v4_bx         0x08002468        0x0 linker stubs

.iplt           0x08002468        0x0
 .iplt          0x08002468        0x0 C:/ST/STM32CubeIDE_1.18.0/STM32CubeIDE/plugins/com.st.stm32cube.ide.mcu.externaltools.gnu-tools-for-stm32.13.3.rel1.win32_1.0.0.202411081344/tools/bin/../lib/gcc/arm-none-eabi/13.3.1/thumb/v7e-m+fp/hard/crtbegin.o

.rodata         0x08002468      0x110
                0x08002468                        . = ALIGN (0x4)
 *(.rodata)
 *(.rodata*)
 .rodata.AHBPrescTable
                0x08002468       0x10 ./Core/Src/system_stm32g4xx.o
                0x08002468                AHBPrescTable
 .rodata.listaTiles
                0x08002478      0x100 ./Core/Src/usr/game_01_breakout.o
                0x08002478                listaTiles
                0x08002578                        . = ALIGN (0x4)

.ARM.extab      0x08002578        0x0
                0x08002578                        . = ALIGN (0x4)
 *(.ARM.extab* .gnu.linkonce.armextab.*)
                0x08002578                        . = ALIGN (0x4)

.ARM            0x08002578        0x0
                0x08002578                        . = ALIGN (0x4)
                0x08002578                        __exidx_start = .
 *(.ARM.exidx*)
                0x08002578                        __exidx_end = .
                0x08002578                        . = ALIGN (0x4)

.preinit_array  0x08002578        0x0
                0x08002578                        . = ALIGN (0x4)
                0x08002578                        PROVIDE (__preinit_array_start = .)
 *(.preinit_array*)
                0x08002578                        PROVIDE (__preinit_array_end = .)
                0x08002578                        . = ALIGN (0x4)

.init_array     0x08002578        0x4
                0x08002578                        . = ALIGN (0x4)
                0x08002578                        PROVIDE (__init_array_start = .)
 *(SORT_BY_NAME(.init_array.*))
 *(.init_array*)
 .init_array    0x08002578        0x4 C:/ST/STM32CubeIDE_1.18.0/STM32CubeIDE/plugins/com.st.stm32cube.ide.mcu.externaltools.gnu-tools-for-stm32.13.3.rel1.win32_1.0.0.202411081344/tools/bin/../lib/gcc/arm-none-eabi/13.3.1/thumb/v7e-m+fp/hard/crtbegin.o
                0x0800257c                        PROVIDE (__init_array_end = .)
                0x0800257c                        . = ALIGN (0x4)

.fini_array     0x0800257c        0x4
                0x0800257c                        . = ALIGN (0x4)
                [!provide]                        PROVIDE (__fini_array_start = .)
 *(SORT_BY_NAME(.fini_array.*))
 *(.fini_array*)
 .fini_array    0x0800257c        0x4 C:/ST/STM32CubeIDE_1.18.0/STM32CubeIDE/plugins/com.st.stm32cube.ide.mcu.externaltools.gnu-tools-for-stm32.13.3.rel1.win32_1.0.0.202411081344/tools/bin/../lib/gcc/arm-none-eabi/13.3.1/thumb/v7e-m+fp/hard/crtbegin.o
                [!provide]                        PROVIDE (__fini_array_end = .)
                0x08002580                        . = ALIGN (0x4)
                0x08002580                        _sidata = LOADADDR (.data)

.rel.dyn        0x08002580        0x0
 .rel.iplt      0x08002580        0x0 C:/ST/STM32CubeIDE_1.18.0/STM32CubeIDE/plugins/com.st.stm32cube.ide.mcu.externaltools.gnu-tools-for-stm32.13.3.rel1.win32_1.0.0.202411081344/tools/bin/../lib/gcc/arm-none-eabi/13.3.1/thumb/v7e-m+fp/hard/crtbegin.o

.data           0x20000000       0x4c load address 0x08002580
                0x20000000                        . = ALIGN (0x4)
                0x20000000                        _sdata = .
 *(.data)
 *(.data*)
 .data.SystemCoreClock
                0x20000000        0x4 ./Core/Src/system_stm32g4xx.o
                0x20000000                SystemCoreClock
 .data.paletaGame
                0x20000004       0x20 ./Core/Src/usr/game_01_breakout.o
                0x20000004                paletaGame
 .data.gamePaleta
                0x20000024       0x20 ./Core/Src/usr/lib_GameStruct.o
                0x20000024                gamePaleta
 .data.uwTickPrio
                0x20000044        0x4 ./Drivers/STM32G4xx_HAL_Driver/Src/stm32g4xx_hal.o
                0x20000044                uwTickPrio
 .data.uwTickFreq
                0x20000048        0x4 ./Drivers/STM32G4xx_HAL_Driver/Src/stm32g4xx_hal.o
                0x20000048                uwTickFreq
 *(.RamFunc)
 *(.RamFunc*)
                0x2000004c                        . = ALIGN (0x4)
                0x2000004c                        _edata = .

.igot.plt       0x2000004c        0x0 load address 0x080025cc
 .igot.plt      0x2000004c        0x0 C:/ST/STM32CubeIDE_1.18.0/STM32CubeIDE/plugins/com.st.stm32cube.ide.mcu.externaltools.gnu-tools-for-stm32.13.3.rel1.win32_1.0.0.202411081344/tools/bin/../lib/gcc/arm-none-eabi/13.3.1/thumb/v7e-m+fp/hard/crtbegin.o
                0x2000004c                        . = ALIGN (0x4)

.bss            0x2000004c       0x88 load address 0x080025cc
                0x2000004c                        _sbss = .
                0x2000004c                        __bss_start__ = _sbss
 *(.bss)
 .bss           0x2000004c       0x1c C:/ST/STM32CubeIDE_1.18.0/STM32CubeIDE/plugins/com.st.stm32cube.ide.mcu.externaltools.gnu-tools-for-stm32.13.3.rel1.win32_1.0.0.202411081344/tools/bin/../lib/gcc/arm-none-eabi/13.3.1/thumb/v7e-m+fp/hard/crtbegin.o
 *(.bss*)
 .bss.hspi1     0x20000068       0x64 ./Core/Src/spi.o
                0x20000068                hspi1
 .bss.hspi_ptr  0x200000cc        0x4 ./Core/Src/usr/lib_J3_ST7789VW.o
 .bss.uwTick    0x200000d0        0x4 ./Drivers/STM32G4xx_HAL_Driver/Src/stm32g4xx_hal.o
                0x200000d0                uwTick
 *(COMMON)
                0x200000d4                        . = ALIGN (0x4)
                0x200000d4                        _ebss = .
                0x200000d4                        __bss_end__ = _ebss

._user_heap_stack
                0x200000d4      0x604 load address 0x080025cc
                0x200000d8                        . = ALIGN (0x8)
 *fill*         0x200000d4        0x4 
                [!provide]                        PROVIDE (end = .)
                0x200000d8                        PROVIDE (_end = .)
                0x200002d8                        . = (. + _Min_Heap_Size)
 *fill*         0x200000d8      0x200 
                0x200006d8                        . = (. + _Min_Stack_Size)
 *fill*         0x200002d8      0x400 
                0x200006d8                        . = ALIGN (0x8)

/DISCARD/
 libc.a(*)
 libm.a(*)
 libgcc.a(*)

.ARM.attributes
                0x00000000       0x30
 *(.ARM.attributes)
 .ARM.attributes
                0x00000000       0x22 C:/ST/STM32CubeIDE_1.18.0/STM32CubeIDE/plugins/com.st.stm32cube.ide.mcu.externaltools.gnu-tools-for-stm32.13.3.rel1.win32_1.0.0.202411081344/tools/bin/../lib/gcc/arm-none-eabi/13.3.1/thumb/v7e-m+fp/hard/crti.o
 .ARM.attributes
                0x00000022       0x34 C:/ST/STM32CubeIDE_1.18.0/STM32CubeIDE/plugins/com.st.stm32cube.ide.mcu.externaltools.gnu-tools-for-stm32.13.3.rel1.win32_1.0.0.202411081344/tools/bin/../lib/gcc/arm-none-eabi/13.3.1/thumb/v7e-m+fp/hard/crtbegin.o
 .ARM.attributes
                0x00000056       0x34 ./Core/Src/gpio.o
 .ARM.attributes
                0x0000008a       0x34 ./Core/Src/main.o
 .ARM.attributes
                0x000000be       0x34 ./Core/Src/spi.o
 .ARM.attributes
                0x000000f2       0x34 ./Core/Src/stm32g4xx_hal_msp.o
 .ARM.attributes
                0x00000126       0x34 ./Core/Src/stm32g4xx_it.o
 .ARM.attributes
                0x0000015a       0x34 ./Core/Src/system_stm32g4xx.o
 .ARM.attributes
                0x0000018e       0x34 ./Core/Src/usr/game_01_breakout.o
 .ARM.attributes
                0x000001c2       0x34 ./Core/Src/usr/lib_GameStruct.o
 .ARM.attributes
                0x000001f6       0x34 ./Core/Src/usr/lib_J3_ST7789VW.o
 .ARM.attributes
                0x0000022a       0x34 ./Core/Src/usr/main_nelsitoboy.o
 .ARM.attributes
                0x0000025e       0x21 ./Core/Startup/startup_stm32g431c8ux.o
 .ARM.attributes
                0x0000027f       0x34 ./Drivers/STM32G4xx_HAL_Driver/Src/stm32g4xx_hal.o
 .ARM.attributes
                0x000002b3       0x34 ./Drivers/STM32G4xx_HAL_Driver/Src/stm32g4xx_hal_cortex.o
 .ARM.attributes
                0x000002e7       0x34 ./Drivers/STM32G4xx_HAL_Driver/Src/stm32g4xx_hal_gpio.o
 .ARM.attributes
                0x0000031b       0x34 ./Drivers/STM32G4xx_HAL_Driver/Src/stm32g4xx_hal_pwr_ex.o
 .ARM.attributes
                0x0000034f       0x34 ./Drivers/STM32G4xx_HAL_Driver/Src/stm32g4xx_hal_rcc.o
 .ARM.attributes
                0x00000383       0x34 ./Drivers/STM32G4xx_HAL_Driver/Src/stm32g4xx_hal_spi.o
 .ARM.attributes
                0x000003b7       0x34 C:/ST/STM32CubeIDE_1.18.0/STM32CubeIDE/plugins/com.st.stm32cube.ide.mcu.externaltools.gnu-tools-for-stm32.13.3.rel1.win32_1.0.0.202411081344/tools/bin/../lib/gcc/arm-none-eabi/13.3.1/../../../../arm-none-eabi/lib/thumb/v7e-m+fp/hard\libc_nano.a(libc_a-memset.o)
 .ARM.attributes
                0x000003eb       0x34 C:/ST/STM32CubeIDE_1.18.0/STM32CubeIDE/plugins/com.st.stm32cube.ide.mcu.externaltools.gnu-tools-for-stm32.13.3.rel1.win32_1.0.0.202411081344/tools/bin/../lib/gcc/arm-none-eabi/13.3.1/../../../../arm-none-eabi/lib/thumb/v7e-m+fp/hard\libc_nano.a(libc_a-init.o)
 .ARM.attributes
                0x0000041f       0x22 C:/ST/STM32CubeIDE_1.18.0/STM32CubeIDE/plugins/com.st.stm32cube.ide.mcu.externaltools.gnu-tools-for-stm32.13.3.rel1.win32_1.0.0.202411081344/tools/bin/../lib/gcc/arm-none-eabi/13.3.1/thumb/v7e-m+fp/hard/crtn.o
OUTPUT(NelsitoBoyV2.elf elf32-littlearm)
LOAD linker stubs
LOAD C:/ST/STM32CubeIDE_1.18.0/STM32CubeIDE/plugins/com.st.stm32cube.ide.mcu.externaltools.gnu-tools-for-stm32.13.3.rel1.win32_1.0.0.202411081344/tools/bin/../lib/gcc/arm-none-eabi/13.3.1/../../../../arm-none-eabi/lib/thumb/v7e-m+fp/hard\libc.a
LOAD C:/ST/STM32CubeIDE_1.18.0/STM32CubeIDE/plugins/com.st.stm32cube.ide.mcu.externaltools.gnu-tools-for-stm32.13.3.rel1.win32_1.0.0.202411081344/tools/bin/../lib/gcc/arm-none-eabi/13.3.1/../../../../arm-none-eabi/lib/thumb/v7e-m+fp/hard\libm.a
LOAD C:/ST/STM32CubeIDE_1.18.0/STM32CubeIDE/plugins/com.st.stm32cube.ide.mcu.externaltools.gnu-tools-for-stm32.13.3.rel1.win32_1.0.0.202411081344/tools/bin/../lib/gcc/arm-none-eabi/13.3.1/thumb/v7e-m+fp/hard\libgcc.a

.debug_info     0x00000000     0x7dc6
 .debug_info    0x00000000      0x463 ./Core/Src/gpio.o
 .debug_info    0x00000463      0x2cd ./Core/Src/main.o
 .debug_info    0x00000730      0xaf6 ./Core/Src/spi.o
 .debug_info    0x00001226      0x2da ./Core/Src/stm32g4xx_hal_msp.o
 .debug_info    0x00001500      0x113 ./Core/Src/stm32g4xx_it.o
 .debug_info    0x00001613      0x58e ./Core/Src/system_stm32g4xx.o
 .debug_info    0x00001ba1      0x306 ./Core/Src/usr/game_01_breakout.o
 .debug_info    0x00001ea7      0x25d ./Core/Src/usr/lib_GameStruct.o
 .debug_info    0x00002104      0xabd ./Core/Src/usr/lib_J3_ST7789VW.o
 .debug_info    0x00002bc1      0x720 ./Core/Src/usr/main_nelsitoboy.o
 .debug_info    0x000032e1       0x30 ./Core/Startup/startup_stm32g431c8ux.o
 .debug_info    0x00003311      0xadb ./Drivers/STM32G4xx_HAL_Driver/Src/stm32g4xx_hal.o
 .debug_info    0x00003dec      0xd3f ./Drivers/STM32G4xx_HAL_Driver/Src/stm32g4xx_hal_cortex.o
 .debug_info    0x00004b2b      0x763 ./Drivers/STM32G4xx_HAL_Driver/Src/stm32g4xx_hal_gpio.o
 .debug_info    0x0000528e      0x93f ./Drivers/STM32G4xx_HAL_Driver/Src/stm32g4xx_hal_pwr_ex.o
 .debug_info    0x00005bcd      0xb82 ./Drivers/STM32G4xx_HAL_Driver/Src/stm32g4xx_hal_rcc.o
 .debug_info    0x0000674f     0x1677 ./Drivers/STM32G4xx_HAL_Driver/Src/stm32g4xx_hal_spi.o

.debug_abbrev   0x00000000     0x1c12
 .debug_abbrev  0x00000000      0x152 ./Core/Src/gpio.o
 .debug_abbrev  0x00000152      0x179 ./Core/Src/main.o
 .debug_abbrev  0x000002cb      0x1f6 ./Core/Src/spi.o
 .debug_abbrev  0x000004c1       0xd9 ./Core/Src/stm32g4xx_hal_msp.o
 .debug_abbrev  0x0000059a       0x73 ./Core/Src/stm32g4xx_it.o
 .debug_abbrev  0x0000060d      0x11a ./Core/Src/system_stm32g4xx.o
 .debug_abbrev  0x00000727      0x11d ./Core/Src/usr/game_01_breakout.o
 .debug_abbrev  0x00000844      0x15a ./Core/Src/usr/lib_GameStruct.o
 .debug_abbrev  0x0000099e      0x1f2 ./Core/Src/usr/lib_J3_ST7789VW.o
 .debug_abbrev  0x00000b90      0x1b4 ./Core/Src/usr/main_nelsitoboy.o
 .debug_abbrev  0x00000d44       0x24 ./Core/Startup/startup_stm32g431c8ux.o
 .debug_abbrev  0x00000d68      0x271 ./Drivers/STM32G4xx_HAL_Driver/Src/stm32g4xx_hal.o
 .debug_abbrev  0x00000fd9      0x31c ./Drivers/STM32G4xx_HAL_Driver/Src/stm32g4xx_hal_cortex.o
 .debug_abbrev  0x000012f5      0x1cb ./Drivers/STM32G4xx_HAL_Driver/Src/stm32g4xx_hal_gpio.o
 .debug_abbrev  0x000014c0      0x22c ./Drivers/STM32G4xx_HAL_Driver/Src/stm32g4xx_hal_pwr_ex.o
 .debug_abbrev  0x000016ec      0x2c9 ./Drivers/STM32G4xx_HAL_Driver/Src/stm32g4xx_hal_rcc.o
 .debug_abbrev  0x000019b5      0x25d ./Drivers/STM32G4xx_HAL_Driver/Src/stm32g4xx_hal_spi.o

.debug_aranges  0x00000000      0x898
 .debug_aranges
                0x00000000       0x20 ./Core/Src/gpio.o
 .debug_aranges
                0x00000020       0x30 ./Core/Src/main.o
 .debug_aranges
                0x00000050       0x30 ./Core/Src/spi.o
 .debug_aranges
                0x00000080       0x20 ./Core/Src/stm32g4xx_hal_msp.o
 .debug_aranges
                0x000000a0       0x60 ./Core/Src/stm32g4xx_it.o
 .debug_aranges
                0x00000100       0x28 ./Core/Src/system_stm32g4xx.o
 .debug_aranges
                0x00000128       0x20 ./Core/Src/usr/game_01_breakout.o
 .debug_aranges
                0x00000148       0x30 ./Core/Src/usr/lib_GameStruct.o
 .debug_aranges
                0x00000178       0x60 ./Core/Src/usr/lib_J3_ST7789VW.o
 .debug_aranges
                0x000001d8       0x20 ./Core/Src/usr/main_nelsitoboy.o
 .debug_aranges
                0x000001f8       0x28 ./Core/Startup/startup_stm32g431c8ux.o
 .debug_aranges
                0x00000220      0x148 ./Drivers/STM32G4xx_HAL_Driver/Src/stm32g4xx_hal.o
 .debug_aranges
                0x00000368      0x128 ./Drivers/STM32G4xx_HAL_Driver/Src/stm32g4xx_hal_cortex.o
 .debug_aranges
                0x00000490       0x58 ./Drivers/STM32G4xx_HAL_Driver/Src/stm32g4xx_hal_gpio.o
 .debug_aranges
                0x000004e8      0x140 ./Drivers/STM32G4xx_HAL_Driver/Src/stm32g4xx_hal_pwr_ex.o
 .debug_aranges
                0x00000628       0x98 ./Drivers/STM32G4xx_HAL_Driver/Src/stm32g4xx_hal_rcc.o
 .debug_aranges
                0x000006c0      0x1d8 ./Drivers/STM32G4xx_HAL_Driver/Src/stm32g4xx_hal_spi.o

.debug_rnglists
                0x00000000      0x653
 .debug_rnglists
                0x00000000       0x14 ./Core/Src/gpio.o
 .debug_rnglists
                0x00000014       0x20 ./Core/Src/main.o
 .debug_rnglists
                0x00000034       0x20 ./Core/Src/spi.o
 .debug_rnglists
                0x00000054       0x13 ./Core/Src/stm32g4xx_hal_msp.o
 .debug_rnglists
                0x00000067       0x43 ./Core/Src/stm32g4xx_it.o
 .debug_rnglists
                0x000000aa       0x1a ./Core/Src/system_stm32g4xx.o
 .debug_rnglists
                0x000000c4       0x14 ./Core/Src/usr/game_01_breakout.o
 .debug_rnglists
                0x000000d8       0x20 ./Core/Src/usr/lib_GameStruct.o
 .debug_rnglists
                0x000000f8       0x48 ./Core/Src/usr/lib_J3_ST7789VW.o
 .debug_rnglists
                0x00000140       0x13 ./Core/Src/usr/main_nelsitoboy.o
 .debug_rnglists
                0x00000153       0x19 ./Core/Startup/startup_stm32g431c8ux.o
 .debug_rnglists
                0x0000016c       0xf1 ./Drivers/STM32G4xx_HAL_Driver/Src/stm32g4xx_hal.o
 .debug_rnglists
                0x0000025d       0xda ./Drivers/STM32G4xx_HAL_Driver/Src/stm32g4xx_hal_cortex.o
 .debug_rnglists
                0x00000337       0x3f ./Drivers/STM32G4xx_HAL_Driver/Src/stm32g4xx_hal_gpio.o
 .debug_rnglists
                0x00000376       0xf1 ./Drivers/STM32G4xx_HAL_Driver/Src/stm32g4xx_hal_pwr_ex.o
 .debug_rnglists
                0x00000467       0x74 ./Drivers/STM32G4xx_HAL_Driver/Src/stm32g4xx_hal_rcc.o
 .debug_rnglists
                0x000004db      0x178 ./Drivers/STM32G4xx_HAL_Driver/Src/stm32g4xx_hal_spi.o

.debug_macro    0x00000000    0x1c6f4
 .debug_macro   0x00000000      0x1cf ./Core/Src/gpio.o
 .debug_macro   0x000001cf      0xad8 ./Core/Src/gpio.o
 .debug_macro   0x00000ca7      0x155 ./Core/Src/gpio.o
 .debug_macro   0x00000dfc       0x2e ./Core/Src/gpio.o
 .debug_macro   0x00000e2a       0x28 ./Core/Src/gpio.o
 .debug_macro   0x00000e52       0x22 ./Core/Src/gpio.o
 .debug_macro   0x00000e74       0x8e ./Core/Src/gpio.o
 .debug_macro   0x00000f02       0x51 ./Core/Src/gpio.o
 .debug_macro   0x00000f53      0x103 ./Core/Src/gpio.o
 .debug_macro   0x00001056       0x6a ./Core/Src/gpio.o
 .debug_macro   0x000010c0      0x1df ./Core/Src/gpio.o
 .debug_macro   0x0000129f       0x1c ./Core/Src/gpio.o
 .debug_macro   0x000012bb       0x22 ./Core/Src/gpio.o
 .debug_macro   0x000012dd       0xfb ./Core/Src/gpio.o
 .debug_macro   0x000013d8     0x1011 ./Core/Src/gpio.o
 .debug_macro   0x000023e9      0x11f ./Core/Src/gpio.o
 .debug_macro   0x00002508    0x1138f ./Core/Src/gpio.o
 .debug_macro   0x00013897       0x6d ./Core/Src/gpio.o
 .debug_macro   0x00013904     0x3558 ./Core/Src/gpio.o
 .debug_macro   0x00016e5c      0x190 ./Core/Src/gpio.o
 .debug_macro   0x00016fec       0x5c ./Core/Src/gpio.o
 .debug_macro   0x00017048     0x141d ./Core/Src/gpio.o
 .debug_macro   0x00018465      0x535 ./Core/Src/gpio.o
 .debug_macro   0x0001899a      0x1b6 ./Core/Src/gpio.o
 .debug_macro   0x00018b50      0x288 ./Core/Src/gpio.o
 .debug_macro   0x00018dd8      0x41d ./Core/Src/gpio.o
 .debug_macro   0x000191f5      0x18b ./Core/Src/gpio.o
 .debug_macro   0x00019380       0x43 ./Core/Src/gpio.o
 .debug_macro   0x000193c3      0x23d ./Core/Src/gpio.o
 .debug_macro   0x00019600      0x211 ./Core/Src/gpio.o
 .debug_macro   0x00019811      0x401 ./Core/Src/gpio.o
 .debug_macro   0x00019c12      0x107 ./Core/Src/gpio.o
 .debug_macro   0x00019d19      0x122 ./Core/Src/gpio.o
 .debug_macro   0x00019e3b      0x3d1 ./Core/Src/gpio.o
 .debug_macro   0x0001a20c      0x2fe ./Core/Src/gpio.o
 .debug_macro   0x0001a50a      0x306 ./Core/Src/gpio.o
 .debug_macro   0x0001a810      0x1e7 ./Core/Src/main.o
 .debug_macro   0x0001a9f7      0x1cf ./Core/Src/spi.o
 .debug_macro   0x0001abc6      0x1c5 ./Core/Src/stm32g4xx_hal_msp.o
 .debug_macro   0x0001ad8b      0x1cf ./Core/Src/stm32g4xx_it.o
 .debug_macro   0x0001af5a      0x1bb ./Core/Src/system_stm32g4xx.o
 .debug_macro   0x0001b115      0x1eb ./Core/Src/usr/game_01_breakout.o
 .debug_macro   0x0001b300       0xb2 ./Core/Src/usr/game_01_breakout.o
 .debug_macro   0x0001b3b2       0x1c ./Core/Src/usr/game_01_breakout.o
 .debug_macro   0x0001b3ce       0x3a ./Core/Src/usr/game_01_breakout.o
 .debug_macro   0x0001b408       0x22 ./Core/Src/usr/game_01_breakout.o
 .debug_macro   0x0001b42a      0x1e2 ./Core/Src/usr/lib_GameStruct.o
 .debug_macro   0x0001b60c      0x1ca ./Core/Src/usr/lib_J3_ST7789VW.o
 .debug_macro   0x0001b7d6      0x37c ./Core/Src/usr/main_nelsitoboy.o
 .debug_macro   0x0001bb52       0x61 ./Core/Src/usr/main_nelsitoboy.o
 .debug_macro   0x0001bbb3       0x16 ./Core/Src/usr/main_nelsitoboy.o
 .debug_macro   0x0001bbc9      0x209 ./Drivers/STM32G4xx_HAL_Driver/Src/stm32g4xx_hal.o
 .debug_macro   0x0001bdd2      0x1bb ./Drivers/STM32G4xx_HAL_Driver/Src/stm32g4xx_hal_cortex.o
 .debug_macro   0x0001bf8d      0x1c2 ./Drivers/STM32G4xx_HAL_Driver/Src/stm32g4xx_hal_gpio.o
 .debug_macro   0x0001c14f      0x1e5 ./Drivers/STM32G4xx_HAL_Driver/Src/stm32g4xx_hal_pwr_ex.o
 .debug_macro   0x0001c334      0x1fd ./Drivers/STM32G4xx_HAL_Driver/Src/stm32g4xx_hal_rcc.o
 .debug_macro   0x0001c531      0x1c3 ./Drivers/STM32G4xx_HAL_Driver/Src/stm32g4xx_hal_spi.o

.debug_line     0x00000000     0xb0e8
 .debug_line    0x00000000      0x73d ./Core/Src/gpio.o
 .debug_line    0x0000073d      0x7db ./Core/Src/main.o
 .debug_line    0x00000f18      0x7ab ./Core/Src/spi.o
 .debug_line    0x000016c3      0x72f ./Core/Src/stm32g4xx_hal_msp.o
 .debug_line    0x00001df2      0x7dd ./Core/Src/stm32g4xx_it.o
 .debug_line    0x000025cf      0x79b ./Core/Src/system_stm32g4xx.o
 .debug_line    0x00002d6a      0x804 ./Core/Src/usr/game_01_breakout.o
 .debug_line    0x0000356e      0x7da ./Core/Src/usr/lib_GameStruct.o
 .debug_line    0x00003d48      0x940 ./Core/Src/usr/lib_J3_ST7789VW.o
 .debug_line    0x00004688      0x9ad ./Core/Src/usr/main_nelsitoboy.o
 .debug_line    0x00005035       0x7b ./Core/Startup/startup_stm32g431c8ux.o
 .debug_line    0x000050b0      0xb67 ./Drivers/STM32G4xx_HAL_Driver/Src/stm32g4xx_hal.o
 .debug_line    0x00005c17      0xccc ./Drivers/STM32G4xx_HAL_Driver/Src/stm32g4xx_hal_cortex.o
 .debug_line    0x000068e3      0xb40 ./Drivers/STM32G4xx_HAL_Driver/Src/stm32g4xx_hal_gpio.o
 .debug_line    0x00007423      0xcc6 ./Drivers/STM32G4xx_HAL_Driver/Src/stm32g4xx_hal_pwr_ex.o
 .debug_line    0x000080e9      0xfea ./Drivers/STM32G4xx_HAL_Driver/Src/stm32g4xx_hal_rcc.o
 .debug_line    0x000090d3     0x2015 ./Drivers/STM32G4xx_HAL_Driver/Src/stm32g4xx_hal_spi.o

.debug_str      0x00000000    0xb2b10
 .debug_str     0x00000000    0xb2b10 ./Core/Src/gpio.o
                              0xac27d (size before relaxing)
 .debug_str     0x000b2b10    0xac276 ./Core/Src/main.o
 .debug_str     0x000b2b10    0xac7b2 ./Core/Src/spi.o
 .debug_str     0x000b2b10    0xac1d3 ./Core/Src/stm32g4xx_hal_msp.o
 .debug_str     0x000b2b10    0xac0e2 ./Core/Src/stm32g4xx_it.o
 .debug_str     0x000b2b10    0xac262 ./Core/Src/system_stm32g4xx.o
 .debug_str     0x000b2b10    0xac595 ./Core/Src/usr/game_01_breakout.o
 .debug_str     0x000b2b10    0xac506 ./Core/Src/usr/lib_GameStruct.o
 .debug_str     0x000b2b10    0xac80e ./Core/Src/usr/lib_J3_ST7789VW.o
 .debug_str     0x000b2b10    0xb05f5 ./Core/Src/usr/main_nelsitoboy.o
 .debug_str     0x000b2b10       0x87 ./Core/Startup/startup_stm32g431c8ux.o
 .debug_str     0x000b2b10    0xacda1 ./Drivers/STM32G4xx_HAL_Driver/Src/stm32g4xx_hal.o
 .debug_str     0x000b2b10    0xaca5d ./Drivers/STM32G4xx_HAL_Driver/Src/stm32g4xx_hal_cortex.o
 .debug_str     0x000b2b10    0xac3ed ./Drivers/STM32G4xx_HAL_Driver/Src/stm32g4xx_hal_gpio.o
 .debug_str     0x000b2b10    0xac750 ./Drivers/STM32G4xx_HAL_Driver/Src/stm32g4xx_hal_pwr_ex.o
 .debug_str     0x000b2b10    0xac95b ./Drivers/STM32G4xx_HAL_Driver/Src/stm32g4xx_hal_rcc.o
 .debug_str     0x000b2b10    0xacb94 ./Drivers/STM32G4xx_HAL_Driver/Src/stm32g4xx_hal_spi.o

.comment        0x00000000       0x43
 .comment       0x00000000       0x43 ./Core/Src/gpio.o
                                 0x44 (size before relaxing)
 .comment       0x00000043       0x44 ./Core/Src/main.o
 .comment       0x00000043       0x44 ./Core/Src/spi.o
 .comment       0x00000043       0x44 ./Core/Src/stm32g4xx_hal_msp.o
 .comment       0x00000043       0x44 ./Core/Src/stm32g4xx_it.o
 .comment       0x00000043       0x44 ./Core/Src/system_stm32g4xx.o
 .comment       0x00000043       0x44 ./Core/Src/usr/game_01_breakout.o
 .comment       0x00000043       0x44 ./Core/Src/usr/lib_GameStruct.o
 .comment       0x00000043       0x44 ./Core/Src/usr/lib_J3_ST7789VW.o
 .comment       0x00000043       0x44 ./Core/Src/usr/main_nelsitoboy.o
 .comment       0x00000043       0x44 ./Drivers/STM32G4xx_HAL_Driver/Src/stm32g4xx_hal.o
 .comment       0x00000043       0x44 ./Drivers/STM32G4xx_HAL_Driver/Src/stm32g4xx_hal_cortex.o
 .comment       0x00000043       0x44 ./Drivers/STM32G4xx_HAL_Driver/Src/stm32g4xx_hal_gpio.o
 .comment       0x00000043       0x44 ./Drivers/STM32G4xx_HAL_Driver/Src/stm32g4xx_hal_pwr_ex.o
 .comment       0x00000043       0x44 ./Drivers/STM32G4xx_HAL_Driver/Src/stm32g4xx_hal_rcc.o
 .comment       0x00000043       0x44 ./Drivers/STM32G4xx_HAL_Driver/Src/stm32g4xx_hal_spi.o

.debug_frame    0x00000000     0x2010
 .debug_frame   0x00000000       0x34 ./Core/Src/gpio.o
 .debug_frame   0x00000034       0x68 ./Core/Src/main.o
 .debug_frame   0x0000009c       0x74 ./Core/Src/spi.o
 .debug_frame   0x00000110       0x34 ./Core/Src/stm32g4xx_hal_msp.o
 .debug_frame   0x00000144      0x104 ./Core/Src/stm32g4xx_it.o
 .debug_frame   0x00000248       0x58 ./Core/Src/system_stm32g4xx.o
 .debug_frame   0x000002a0       0x3c ./Core/Src/usr/game_01_breakout.o
 .debug_frame   0x000002dc       0x94 ./Core/Src/usr/lib_GameStruct.o
 .debug_frame   0x00000370      0x15c ./Core/Src/usr/lib_J3_ST7789VW.o
 .debug_frame   0x000004cc       0x2c ./Core/Src/usr/main_nelsitoboy.o
 .debug_frame   0x000004f8      0x500 ./Drivers/STM32G4xx_HAL_Driver/Src/stm32g4xx_hal.o
 .debug_frame   0x000009f8      0x4e8 ./Drivers/STM32G4xx_HAL_Driver/Src/stm32g4xx_hal_cortex.o
 .debug_frame   0x00000ee0      0x14c ./Drivers/STM32G4xx_HAL_Driver/Src/stm32g4xx_hal_gpio.o
 .debug_frame   0x0000102c      0x4fc ./Drivers/STM32G4xx_HAL_Driver/Src/stm32g4xx_hal_pwr_ex.o
 .debug_frame   0x00001528      0x23c ./Drivers/STM32G4xx_HAL_Driver/Src/stm32g4xx_hal_rcc.o
 .debug_frame   0x00001764      0x860 ./Drivers/STM32G4xx_HAL_Driver/Src/stm32g4xx_hal_spi.o
 .debug_frame   0x00001fc4       0x20 C:/ST/STM32CubeIDE_1.18.0/STM32CubeIDE/plugins/com.st.stm32cube.ide.mcu.externaltools.gnu-tools-for-stm32.13.3.rel1.win32_1.0.0.202411081344/tools/bin/../lib/gcc/arm-none-eabi/13.3.1/../../../../arm-none-eabi/lib/thumb/v7e-m+fp/hard\libc_nano.a(libc_a-memset.o)
 .debug_frame   0x00001fe4       0x2c C:/ST/STM32CubeIDE_1.18.0/STM32CubeIDE/plugins/com.st.stm32cube.ide.mcu.externaltools.gnu-tools-for-stm32.13.3.rel1.win32_1.0.0.202411081344/tools/bin/../lib/gcc/arm-none-eabi/13.3.1/../../../../arm-none-eabi/lib/thumb/v7e-m+fp/hard\libc_nano.a(libc_a-init.o)

.debug_line_str
                0x00000000       0x6b
 .debug_line_str
                0x00000000       0x6b ./Core/Startup/startup_stm32g431c8ux.o
